### --- Pochodzi z pliku: STEP_73.md ---

# Step 73: field-level semantic comparison for SPS, PPS and slices

This step expands backend comparison beyond NAL counts and type sequences.

It flattens normalized h265nal SPS, PPS and slice payloads, imports legacy records strictly as comparison-only data, and compares every shared field value. It also parses FFmpeg `trace_headers` output into a separate control record.

The result records comparable-field counts, exact mismatches, missing records, legacy semantic agreement, FFmpeg control availability, and the high-weight authority gate. FFmpeg control is not treated as a replacement for the primary parser.



### --- Pochodzi z pliku: STEP_72.md ---

# Step 72: automatic h265nal authority stage in every OS launcher

This step integrates the migrated parser path into the automated analysis workflow.

For every input file the launcher now invokes one migration stage. The stage:

1. identifies the primary video codec with FFprobe
2. records a clean skip for non-HEVC inputs
3. extracts a byte-preserving HEVC Annex B stream for HEVC inputs
4. invokes the pinned h265nal wrapper and semantic normalizer
5. invokes FFprobe as the independent control backend
6. optionally accepts a legacy JSON result, comparison-only
7. records whether the result may support high-weight conclusions

The output is placed inside the current timestamp at `hevc_parser_migration/`, so cross-machine and cross-timestamp comparison includes the parser-authority manifests automatically.



### --- Pochodzi z pliku: STEP_71.md ---

# Step 71: h265nal primary authority pipeline with FFmpeg control

This step makes h265nal the explicit primary parser in a complete executable path.

The command:

1. reads h265nal and wrapper paths from the pinned lock file
2. invokes the C++ JSON wrapper
3. normalizes the h265nal semantic output
4. invokes FFprobe as an independent control backend
5. optionally imports a legacy JSON result for comparison only
6. compares primary and legacy NAL counts and type sequences
7. emits an authority decision for high-weight conclusions

Outputs:

- `h265nal_wrapper.json`
- `h265nal_normalized.json`
- `ffprobe_control.json`
- `parser_authority.json`

The high-weight authority flag is false unless the independent control backend completes successfully. FFprobe supports machine-readable JSON and packet-level inspection. citeturn131search328turn131search330turn131search331



